
# >>>>>>>>>>>>>>>>>>>>>> ERROR REPORT <<<<<<<<<<<<<<<<<<<<<<

    Traceback (most recent call last):
      File "/zine/HPC02S1/miniconda3/lib/python3.12/site-packages/conda/exception_handler.py", line 18, in __call__
        return func(*args, **kwargs)
               ^^^^^^^^^^^^^^^^^^^^^
      File "/zine/HPC02S1/miniconda3/lib/python3.12/site-packages/conda/cli/main.py", line 61, in main_subshell
        exit_code = do_call(args, parser)
                    ^^^^^^^^^^^^^^^^^^^^^
      File "/zine/HPC02S1/miniconda3/lib/python3.12/site-packages/conda/cli/conda_argparse.py", line 206, in do_call
        result = getattr(module, func_name)(args, parser)
                 ^^^^^^^^^^^^^^^^^^^^^^^^^^^^^^^^^^^^^^^^
      File "/zine/HPC02S1/miniconda3/lib/python3.12/site-packages/conda/cli/main_init.py", line 162, in execute
        return initialize(
               ^^^^^^^^^^^
      File "/zine/HPC02S1/miniconda3/lib/python3.12/site-packages/conda/core/initialize.py", line 139, in initialize
        run_plan_elevated(plan2)
      File "/zine/HPC02S1/miniconda3/lib/python3.12/site-packages/conda/core/initialize.py", line 852, in run_plan_elevated
        result = subprocess_call(
                 ^^^^^^^^^^^^^^^^
      File "/zine/HPC02S1/miniconda3/lib/python3.12/site-packages/conda/gateways/subprocess.py", line 129, in subprocess_call
        raise CalledProcessError(rc, command, output=formatted_output)
    subprocess.CalledProcessError: Command '['sudo', '/zine/HPC02S1/miniconda3/bin/python', '-m', 'conda.core.initialize']' returned non-zero exit status 1.

`$ /zine/HPC02S1/miniconda3/condabin/conda init`

  environment variables:
                 CIO_TEST=<not set>
        CONDA_DEFAULT_ENV=pajaroenv
                CONDA_EXE=/zine/HPC02S1/miniconda3/bin/conda
             CONDA_PREFIX=/zine/HPC02S1/miniconda3/envs/pajaroenv
           CONDA_PREFIX_1=/zine/HPC02S1/miniconda3
    CONDA_PROMPT_MODIFIER=(pajaroenv)
         CONDA_PYTHON_EXE=/zine/HPC02S1/miniconda3/bin/python
               CONDA_ROOT=/zine/HPC02S1/miniconda3
              CONDA_SHLVL=2
           CURL_CA_BUNDLE=<not set>
     JAVA_LD_LIBRARY_PATH=/zine/HPC02S1/miniconda3/lib/jvm/lib/server
               LD_PRELOAD=<not set>
               MODULEPATH=/usr/share/Modules/modulefiles:/etc/modulefiles
                     PATH=/apps/bpike/miniforge3/bin:/zine/HPC02S1/miniconda3/envs/pajaroenv/bin
                          :/zine/HPC02S1/miniconda3/condabin:/usr/local/bin:/usr/bin:/usr/local/
                          sbin:/usr/sbin:/home/juanpajaro/.local/bin:/home/juanpajaro/bin
       REQUESTS_CA_BUNDLE=<not set>
            SSL_CERT_FILE=<not set>

     active environment : pajaroenv
    active env location : /zine/HPC02S1/miniconda3/envs/pajaroenv
            shell level : 2
       user config file : /home/juanpajaro/.condarc
 populated config files : /zine/HPC02S1/miniconda3/.condarc
          conda version : 25.3.0
    conda-build version : not installed
         python version : 3.12.2.final.0
                 solver : libmamba (default)
       virtual packages : __archspec=1=westmere
                          __conda=25.3.0=0
                          __glibc=2.17=0
                          __linux=3.10.0=0
                          __unix=0=0
       base environment : /zine/HPC02S1/miniconda3  (writable)
      conda av data dir : /zine/HPC02S1/miniconda3/etc/conda
  conda av metadata url : None
           channel URLs : https://repo.anaconda.com/pkgs/main/linux-64
                          https://repo.anaconda.com/pkgs/main/noarch
                          https://repo.anaconda.com/pkgs/r/linux-64
                          https://repo.anaconda.com/pkgs/r/noarch
          package cache : /zine/HPC02S1/miniconda3/pkgs
                          /home/juanpajaro/.conda/pkgs
       envs directories : /zine/HPC02S1/miniconda3/envs
                          /home/juanpajaro/.conda/envs
               platform : linux-64
             user-agent : conda/25.3.0 requests/2.32.3 CPython/3.12.2 Linux/3.10.0-1160.119.1.el7.x86_64 centos/7.9.2009 glibc/2.17 solver/libmamba conda-libmamba-solver/24.9.0 libmambapy/1.5.12
                UID:GID : 73207610:7002
             netrc file : None
           offline mode : False


An unexpected error has occurred. Conda has prepared the above report.
If you suspect this error is being caused by a malfunctioning plugin,
consider using the --no-plugins option to turn off plugins.

Example: conda --no-plugins install <package>

Alternatively, you can set the CONDA_NO_PLUGINS environment variable on
the command line to run the command without plugins enabled.

Example: CONDA_NO_PLUGINS=true conda install <package>

/var/spool/slurmd/job08184/slurm_script: line 24: /zine/HPC0251/miniconda3/etc/profile.d/conda.sh: No such file or directory

CondaError: Run 'conda init' before 'conda activate'

